
*** Running vivado
    with args -log async_fifo.vds -m64 -product Vivado -mode batch -messageDb vivado.pb -notrace -source async_fifo.tcl


****** Vivado v2018.3 (64-bit)
  **** SW Build 2405991 on Thu Dec  6 23:36:41 MST 2018
  **** IP Build 2404404 on Fri Dec  7 01:43:56 MST 2018
    ** Copyright 1986-2018 Xilinx, Inc. All Rights Reserved.

source async_fifo.tcl -notrace
Command: synth_design -top async_fifo -part xc7k70tfbv676-1
Starting synth_design
Attempting to get a license for feature 'Synthesis' and/or device 'xc7k70t'
INFO: [Common 17-349] Got license for feature 'Synthesis' and/or device 'xc7k70t'
INFO: Launching helper process for spawning children vivado processes
INFO: Helper process launched with PID 14572 
---------------------------------------------------------------------------------
Starting Synthesize : Time (s): cpu = 00:00:01 ; elapsed = 00:00:02 . Memory (MB): peak = 1464.758 ; gain = 0.000 ; free physical = 4953 ; free virtual = 16074
---------------------------------------------------------------------------------
INFO: [Synth 8-6157] synthesizing module 'async_fifo' [/home/VDN_61/Desktop/work/Prashant/AsyncFIFO_RTL2GDS-II/AsyncFIFO_RTL2GDS-II.srcs/sources_1/new/async_fifo.v:1]
INFO: [Synth 8-6157] synthesizing module 'fifo_empty' [/home/VDN_61/Desktop/work/Prashant/AsyncFIFO_RTL2GDS-II/AsyncFIFO_RTL2GDS-II.srcs/sources_1/new/fifo_empty.v:1]
INFO: [Synth 8-6155] done synthesizing module 'fifo_empty' (1#1) [/home/VDN_61/Desktop/work/Prashant/AsyncFIFO_RTL2GDS-II/AsyncFIFO_RTL2GDS-II.srcs/sources_1/new/fifo_empty.v:1]
INFO: [Synth 8-6157] synthesizing module 'fifo_full' [/home/VDN_61/Desktop/work/Prashant/AsyncFIFO_RTL2GDS-II/AsyncFIFO_RTL2GDS-II.srcs/sources_1/new/fifo_full.v:1]
INFO: [Synth 8-6155] done synthesizing module 'fifo_full' (2#1) [/home/VDN_61/Desktop/work/Prashant/AsyncFIFO_RTL2GDS-II/AsyncFIFO_RTL2GDS-II.srcs/sources_1/new/fifo_full.v:1]
INFO: [Synth 8-6157] synthesizing module 'two_ff_sync' [/home/VDN_61/Desktop/work/Prashant/AsyncFIFO_RTL2GDS-II/AsyncFIFO_RTL2GDS-II.srcs/sources_1/new/two_ff_sync.v:1]
INFO: [Synth 8-6155] done synthesizing module 'two_ff_sync' (3#1) [/home/VDN_61/Desktop/work/Prashant/AsyncFIFO_RTL2GDS-II/AsyncFIFO_RTL2GDS-II.srcs/sources_1/new/two_ff_sync.v:1]
INFO: [Synth 8-6157] synthesizing module 'fifo_mem' [/home/VDN_61/Desktop/work/Prashant/AsyncFIFO_RTL2GDS-II/AsyncFIFO_RTL2GDS-II.srcs/sources_1/new/fifo_mem.v:1]
INFO: [Synth 8-6155] done synthesizing module 'fifo_mem' (4#1) [/home/VDN_61/Desktop/work/Prashant/AsyncFIFO_RTL2GDS-II/AsyncFIFO_RTL2GDS-II.srcs/sources_1/new/fifo_mem.v:1]
INFO: [Synth 8-6155] done synthesizing module 'async_fifo' (5#1) [/home/VDN_61/Desktop/work/Prashant/AsyncFIFO_RTL2GDS-II/AsyncFIFO_RTL2GDS-II.srcs/sources_1/new/async_fifo.v:1]
WARNING: [Synth 8-3331] design fifo_mem has unconnected port b_wrptr[6]
WARNING: [Synth 8-3331] design fifo_mem has unconnected port b_rdptr[6]
---------------------------------------------------------------------------------
Finished Synthesize : Time (s): cpu = 00:00:02 ; elapsed = 00:00:03 . Memory (MB): peak = 1509.137 ; gain = 44.379 ; free physical = 4966 ; free virtual = 16087
---------------------------------------------------------------------------------
---------------------------------------------------------------------------------
Finished Constraint Validation : Time (s): cpu = 00:00:02 ; elapsed = 00:00:03 . Memory (MB): peak = 1509.137 ; gain = 44.379 ; free physical = 4966 ; free virtual = 16087
---------------------------------------------------------------------------------
---------------------------------------------------------------------------------
Start Loading Part and Timing Information
---------------------------------------------------------------------------------
Loading part: xc7k70tfbv676-1
INFO: [Device 21-403] Loading part xc7k70tfbv676-1
---------------------------------------------------------------------------------
Finished Loading Part and Timing Information : Time (s): cpu = 00:00:02 ; elapsed = 00:00:03 . Memory (MB): peak = 1517.141 ; gain = 52.383 ; free physical = 4965 ; free virtual = 16085
---------------------------------------------------------------------------------
WARNING: [Synth 8-327] inferring latch for variable 'b_rdptr_next_reg' [/home/VDN_61/Desktop/work/Prashant/AsyncFIFO_RTL2GDS-II/AsyncFIFO_RTL2GDS-II.srcs/sources_1/new/fifo_empty.v:26]
WARNING: [Synth 8-327] inferring latch for variable 'b_wrptr_next_reg' [/home/VDN_61/Desktop/work/Prashant/AsyncFIFO_RTL2GDS-II/AsyncFIFO_RTL2GDS-II.srcs/sources_1/new/fifo_full.v:26]
---------------------------------------------------------------------------------
Finished RTL Optimization Phase 2 : Time (s): cpu = 00:00:02 ; elapsed = 00:00:03 . Memory (MB): peak = 1525.141 ; gain = 60.383 ; free physical = 4957 ; free virtual = 16078
---------------------------------------------------------------------------------

Report RTL Partitions: 
+-+--------------+------------+----------+
| |RTL Partition |Replication |Instances |
+-+--------------+------------+----------+
+-+--------------+------------+----------+
No constraint files found.
---------------------------------------------------------------------------------
Start RTL Component Statistics 
---------------------------------------------------------------------------------
Detailed RTL Component Info : 
+---Adders : 
	   2 Input      7 Bit       Adders := 2     
+---XORs : 
	   2 Input      7 Bit         XORs := 2     
+---Registers : 
	                8 Bit    Registers := 1     
	                7 Bit    Registers := 8     
	                1 Bit    Registers := 2     
+---RAMs : 
	              512 Bit         RAMs := 1     
---------------------------------------------------------------------------------
Finished RTL Component Statistics 
---------------------------------------------------------------------------------
---------------------------------------------------------------------------------
Start RTL Hierarchical Component Statistics 
---------------------------------------------------------------------------------
Hierarchical RTL Component report 
Module fifo_empty 
Detailed RTL Component Info : 
+---Adders : 
	   2 Input      7 Bit       Adders := 1     
+---XORs : 
	   2 Input      7 Bit         XORs := 1     
+---Registers : 
	                7 Bit    Registers := 2     
	                1 Bit    Registers := 1     
Module fifo_full 
Detailed RTL Component Info : 
+---Adders : 
	   2 Input      7 Bit       Adders := 1     
+---XORs : 
	   2 Input      7 Bit         XORs := 1     
+---Registers : 
	                7 Bit    Registers := 2     
	                1 Bit    Registers := 1     
Module two_ff_sync 
Detailed RTL Component Info : 
+---Registers : 
	                7 Bit    Registers := 2     
Module fifo_mem 
Detailed RTL Component Info : 
+---Registers : 
	                8 Bit    Registers := 1     
+---RAMs : 
	              512 Bit         RAMs := 1     
---------------------------------------------------------------------------------
Finished RTL Hierarchical Component Statistics
---------------------------------------------------------------------------------
---------------------------------------------------------------------------------
Start Part Resource Summary
---------------------------------------------------------------------------------
Part Resources:
DSPs: 240 (col length:80)
BRAMs: 270 (col length: RAMB18 80 RAMB36 40)
---------------------------------------------------------------------------------
Finished Part Resource Summary
---------------------------------------------------------------------------------
No constraint files found.
---------------------------------------------------------------------------------
Start Cross Boundary and Area Optimization
---------------------------------------------------------------------------------
Warning: Parallel synthesis criteria is not met 
INFO: [Synth 8-3886] merging instance 'uff/g_wrptr_reg[6]' (FDC) to 'uff/b_wrptr_reg[6]'
INFO: [Synth 8-3886] merging instance 'ufe/g_rdptr_reg[6]' (FDC) to 'ufe/b_rdptr_reg[6]'
INFO: [Synth 8-3886] merging instance 'ufe/b_rdptr_reg_rep[5]' (FDC) to 'ufe/b_rdptr_reg[5]'
INFO: [Synth 8-3886] merging instance 'ufe/b_rdptr_reg_rep[4]' (FDC) to 'ufe/b_rdptr_reg[4]'
INFO: [Synth 8-3886] merging instance 'ufe/b_rdptr_reg_rep[3]' (FDC) to 'ufe/b_rdptr_reg[3]'
INFO: [Synth 8-3886] merging instance 'ufe/b_rdptr_reg_rep[2]' (FDC) to 'ufe/b_rdptr_reg[2]'
INFO: [Synth 8-3886] merging instance 'ufe/b_rdptr_reg_rep[1]' (FDC) to 'ufe/b_rdptr_reg[1]'
INFO: [Synth 8-3886] merging instance 'ufe/b_rdptr_reg_rep[0]' (FDC) to 'ufe/b_rdptr_reg[0]'
WARNING: [Synth 8-3332] Sequential element (ufe/b_rdptr_reg_rep[6]) is unused and will be removed from module async_fifo.
WARNING: [Synth 8-3332] Sequential element (ufe/b_rdptr_reg_rep[5]__0) is unused and will be removed from module async_fifo.
WARNING: [Synth 8-3332] Sequential element (ufe/b_rdptr_reg_rep[4]__0) is unused and will be removed from module async_fifo.
WARNING: [Synth 8-3332] Sequential element (ufe/b_rdptr_reg_rep[3]__0) is unused and will be removed from module async_fifo.
WARNING: [Synth 8-3332] Sequential element (ufe/b_rdptr_reg_rep[2]__0) is unused and will be removed from module async_fifo.
WARNING: [Synth 8-3332] Sequential element (ufe/b_rdptr_reg_rep[1]__0) is unused and will be removed from module async_fifo.
WARNING: [Synth 8-3332] Sequential element (ufe/b_rdptr_reg_rep[0]__0) is unused and will be removed from module async_fifo.
---------------------------------------------------------------------------------
Finished Cross Boundary and Area Optimization : Time (s): cpu = 00:00:04 ; elapsed = 00:00:06 . Memory (MB): peak = 1640.438 ; gain = 175.680 ; free physical = 4806 ; free virtual = 15929
---------------------------------------------------------------------------------
---------------------------------------------------------------------------------
Start ROM, RAM, DSP and Shift Register Reporting
---------------------------------------------------------------------------------

Distributed RAM: Preliminary Mapping  Report (see note below)
+------------+-------------+-----------+----------------------+--------------+
|Module Name | RTL Object  | Inference | Size (Depth x Width) | Primitives   | 
+------------+-------------+-----------+----------------------+--------------+
|async_fifo  | ufm/mem_reg | Implied   | 64 x 8               | RAM64M x 3   | 
+------------+-------------+-----------+----------------------+--------------+

Note: The table above is a preliminary report that shows the Distributed RAMs at the current stage of the synthesis flow. Some Distributed RAMs may be reimplemented as non Distributed RAM primitives later in the synthesis flow. Multiple instantiated RAMs are reported only once.
---------------------------------------------------------------------------------
Finished ROM, RAM, DSP and Shift Register Reporting
---------------------------------------------------------------------------------

Report RTL Partitions: 
+-+--------------+------------+----------+
| |RTL Partition |Replication |Instances |
+-+--------------+------------+----------+
+-+--------------+------------+----------+
No constraint files found.
---------------------------------------------------------------------------------
Start Timing Optimization
---------------------------------------------------------------------------------
---------------------------------------------------------------------------------
Finished Timing Optimization : Time (s): cpu = 00:00:04 ; elapsed = 00:00:06 . Memory (MB): peak = 1640.438 ; gain = 175.680 ; free physical = 4809 ; free virtual = 15931
---------------------------------------------------------------------------------
---------------------------------------------------------------------------------
Start ROM, RAM, DSP and Shift Register Reporting
---------------------------------------------------------------------------------

Distributed RAM: Final Mapping  Report
+------------+-------------+-----------+----------------------+--------------+
|Module Name | RTL Object  | Inference | Size (Depth x Width) | Primitives   | 
+------------+-------------+-----------+----------------------+--------------+
|async_fifo  | ufm/mem_reg | Implied   | 64 x 8               | RAM64M x 3   | 
+------------+-------------+-----------+----------------------+--------------+

---------------------------------------------------------------------------------
Finished ROM, RAM, DSP and Shift Register Reporting
---------------------------------------------------------------------------------

Report RTL Partitions: 
+-+--------------+------------+----------+
| |RTL Partition |Replication |Instances |
+-+--------------+------------+----------+
+-+--------------+------------+----------+
---------------------------------------------------------------------------------
Start Technology Mapping
---------------------------------------------------------------------------------
---------------------------------------------------------------------------------
Finished Technology Mapping : Time (s): cpu = 00:00:04 ; elapsed = 00:00:06 . Memory (MB): peak = 1640.438 ; gain = 175.680 ; free physical = 4807 ; free virtual = 15930
---------------------------------------------------------------------------------

Report RTL Partitions: 
+-+--------------+------------+----------+
| |RTL Partition |Replication |Instances |
+-+--------------+------------+----------+
+-+--------------+------------+----------+
---------------------------------------------------------------------------------
Start IO Insertion
---------------------------------------------------------------------------------
---------------------------------------------------------------------------------
Start Flattening Before IO Insertion
---------------------------------------------------------------------------------
---------------------------------------------------------------------------------
Finished Flattening Before IO Insertion
---------------------------------------------------------------------------------
---------------------------------------------------------------------------------
Start Final Netlist Cleanup
---------------------------------------------------------------------------------
---------------------------------------------------------------------------------
Finished Final Netlist Cleanup
---------------------------------------------------------------------------------
---------------------------------------------------------------------------------
Finished IO Insertion : Time (s): cpu = 00:00:04 ; elapsed = 00:00:07 . Memory (MB): peak = 1640.438 ; gain = 175.680 ; free physical = 4807 ; free virtual = 15930
---------------------------------------------------------------------------------

Report Check Netlist: 
+------+------------------+-------+---------+-------+------------------+
|      |Item              |Errors |Warnings |Status |Description       |
+------+------------------+-------+---------+-------+------------------+
|1     |multi_driven_nets |      0|        0|Passed |Multi driven nets |
+------+------------------+-------+---------+-------+------------------+
---------------------------------------------------------------------------------
Start Renaming Generated Instances
---------------------------------------------------------------------------------
---------------------------------------------------------------------------------
Finished Renaming Generated Instances : Time (s): cpu = 00:00:04 ; elapsed = 00:00:07 . Memory (MB): peak = 1640.438 ; gain = 175.680 ; free physical = 4807 ; free virtual = 15930
---------------------------------------------------------------------------------

Report RTL Partitions: 
+-+--------------+------------+----------+
| |RTL Partition |Replication |Instances |
+-+--------------+------------+----------+
+-+--------------+------------+----------+
---------------------------------------------------------------------------------
Start Rebuilding User Hierarchy
---------------------------------------------------------------------------------
---------------------------------------------------------------------------------
Finished Rebuilding User Hierarchy : Time (s): cpu = 00:00:04 ; elapsed = 00:00:07 . Memory (MB): peak = 1640.438 ; gain = 175.680 ; free physical = 4807 ; free virtual = 15930
---------------------------------------------------------------------------------
---------------------------------------------------------------------------------
Start Renaming Generated Ports
---------------------------------------------------------------------------------
---------------------------------------------------------------------------------
Finished Renaming Generated Ports : Time (s): cpu = 00:00:04 ; elapsed = 00:00:07 . Memory (MB): peak = 1640.438 ; gain = 175.680 ; free physical = 4807 ; free virtual = 15930
---------------------------------------------------------------------------------
---------------------------------------------------------------------------------
Start Handling Custom Attributes
---------------------------------------------------------------------------------
---------------------------------------------------------------------------------
Finished Handling Custom Attributes : Time (s): cpu = 00:00:04 ; elapsed = 00:00:07 . Memory (MB): peak = 1640.438 ; gain = 175.680 ; free physical = 4807 ; free virtual = 15930
---------------------------------------------------------------------------------
---------------------------------------------------------------------------------
Start Renaming Generated Nets
---------------------------------------------------------------------------------
---------------------------------------------------------------------------------
Finished Renaming Generated Nets : Time (s): cpu = 00:00:04 ; elapsed = 00:00:07 . Memory (MB): peak = 1640.438 ; gain = 175.680 ; free physical = 4807 ; free virtual = 15930
---------------------------------------------------------------------------------
---------------------------------------------------------------------------------
Start Writing Synthesis Report
---------------------------------------------------------------------------------

Report BlackBoxes: 
+-+--------------+----------+
| |BlackBox name |Instances |
+-+--------------+----------+
+-+--------------+----------+

Report Cell Usage: 
+------+-------+------+
|      |Cell   |Count |
+------+-------+------+
|1     |BUFG   |     2|
|2     |LUT1   |     4|
|3     |LUT2   |    16|
|4     |LUT3   |     4|
|5     |LUT4   |     3|
|6     |LUT5   |     8|
|7     |LUT6   |     5|
|8     |RAM64M |     3|
|9     |FDCE   |    56|
|10    |FDRE   |     8|
|11    |LD     |    14|
|12    |IBUF   |    14|
|13    |OBUF   |    10|
+------+-------+------+

Report Instance Areas: 
+------+---------------+--------------+------+
|      |Instance       |Module        |Cells |
+------+---------------+--------------+------+
|1     |top            |              |   147|
|2     |  u_sync_rd_wr |two_ff_sync   |    15|
|3     |  u_sync_wr_rd |two_ff_sync_0 |    14|
|4     |  ufe          |fifo_empty    |    41|
|5     |  uff          |fifo_full     |    40|
|6     |  ufm          |fifo_mem      |    11|
+------+---------------+--------------+------+
---------------------------------------------------------------------------------
Finished Writing Synthesis Report : Time (s): cpu = 00:00:04 ; elapsed = 00:00:07 . Memory (MB): peak = 1640.438 ; gain = 175.680 ; free physical = 4807 ; free virtual = 15930
---------------------------------------------------------------------------------
Synthesis finished with 0 errors, 0 critical warnings and 11 warnings.
Synthesis Optimization Runtime : Time (s): cpu = 00:00:04 ; elapsed = 00:00:07 . Memory (MB): peak = 1640.438 ; gain = 175.680 ; free physical = 4809 ; free virtual = 15931
Synthesis Optimization Complete : Time (s): cpu = 00:00:04 ; elapsed = 00:00:07 . Memory (MB): peak = 1640.438 ; gain = 175.680 ; free physical = 4809 ; free virtual = 15931
INFO: [Project 1-571] Translating synthesized netlist
INFO: [Netlist 29-17] Analyzing 17 Unisim elements for replacement
INFO: [Netlist 29-28] Unisim Transformation completed in 0 CPU seconds
INFO: [Project 1-570] Preparing netlist for logic optimization
INFO: [Opt 31-138] Pushed 0 inverter(s) to 0 load pin(s).
Netlist sorting complete. Time (s): cpu = 00:00:00 ; elapsed = 00:00:00 . Memory (MB): peak = 1772.457 ; gain = 0.000 ; free physical = 4724 ; free virtual = 15847
INFO: [Project 1-111] Unisim Transformation Summary:
  A total of 17 instances were transformed.
  LD => LDCE: 14 instances
  RAM64M => RAM64M (RAMD64E, RAMD64E, RAMD64E, RAMD64E): 3 instances

INFO: [Common 17-83] Releasing license: Synthesis
27 Infos, 11 Warnings, 0 Critical Warnings and 0 Errors encountered.
synth_design completed successfully
synth_design: Time (s): cpu = 00:00:06 ; elapsed = 00:00:09 . Memory (MB): peak = 1772.457 ; gain = 308.074 ; free physical = 4780 ; free virtual = 15903
Netlist sorting complete. Time (s): cpu = 00:00:00 ; elapsed = 00:00:00 . Memory (MB): peak = 1772.457 ; gain = 0.000 ; free physical = 4781 ; free virtual = 15903
WARNING: [Constraints 18-5210] No constraints selected for write.
Resolution: This message can indicate that there are no constraints for the design, or it can indicate that the used_in flags are set such that the constraints are ignored. This later case is used when running synth_design to not write synthesis constraints to the resulting checkpoint. Instead, project constraints are read when the synthesized design is opened.
INFO: [Common 17-1381] The checkpoint '/home/VDN_61/Desktop/work/Prashant/AsyncFIFO_RTL2GDS-II/AsyncFIFO_RTL2GDS-II.runs/synth_1/async_fifo.dcp' has been generated.
INFO: [runtcl-4] Executing : report_utilization -file async_fifo_utilization_synth.rpt -pb async_fifo_utilization_synth.pb
INFO: [Common 17-206] Exiting Vivado at Sat Aug 29 13:18:01 2026...
