Vivado Simulator 2018.3
Copyright 1986-1999, 2001-2018 Xilinx, Inc. All Rights Reserved.
Running: /opt/Xilinx/Vivado/2018.3/bin/unwrapped/lnx64.o/xelab -wto 287df2721db24d6e82e5fbb15e2eca58 --incr --debug typical --relax --mt 8 -L xil_defaultlib -L unisims_ver -L unimacro_ver -L secureip --snapshot tb_async_fifo_behav xil_defaultlib.tb_async_fifo xil_defaultlib.glbl -log elaborate.log 
Using 8 slave threads.
Starting static elaboration
Completed static elaboration
Starting simulation data flow analysis
WARNING: [XSIM 43-4099] "/home/VDN_61/Desktop/work/Prashant/AsyncFIFO_RTL2GDS-II/AsyncFIFO_RTL2GDS-II.srcs/sources_1/new/async_fifo.v" Line 1. Module async_fifo doesn't have a timescale but at least one module in design has a timescale.
WARNING: [XSIM 43-4099] "/home/VDN_61/Desktop/work/Prashant/AsyncFIFO_RTL2GDS-II/AsyncFIFO_RTL2GDS-II.srcs/sources_1/new/fifo_empty.v" Line 1. Module fifo_empty doesn't have a timescale but at least one module in design has a timescale.
WARNING: [XSIM 43-4099] "/home/VDN_61/Desktop/work/Prashant/AsyncFIFO_RTL2GDS-II/AsyncFIFO_RTL2GDS-II.srcs/sources_1/new/fifo_full.v" Line 1. Module fifo_full doesn't have a timescale but at least one module in design has a timescale.
WARNING: [XSIM 43-4099] "/home/VDN_61/Desktop/work/Prashant/AsyncFIFO_RTL2GDS-II/AsyncFIFO_RTL2GDS-II.srcs/sources_1/new/two_ff_sync.v" Line 1. Module two_ff_sync doesn't have a timescale but at least one module in design has a timescale.
WARNING: [XSIM 43-4099] "/home/VDN_61/Desktop/work/Prashant/AsyncFIFO_RTL2GDS-II/AsyncFIFO_RTL2GDS-II.srcs/sources_1/new/two_ff_sync.v" Line 1. Module two_ff_sync doesn't have a timescale but at least one module in design has a timescale.
WARNING: [XSIM 43-4099] "/home/VDN_61/Desktop/work/Prashant/AsyncFIFO_RTL2GDS-II/AsyncFIFO_RTL2GDS-II.srcs/sources_1/new/fifo_mem.v" Line 1. Module fifo_mem doesn't have a timescale but at least one module in design has a timescale.
Completed simulation data flow analysis
Time Resolution for simulation is 1ps
Compiling module xil_defaultlib.fifo_empty
Compiling module xil_defaultlib.fifo_full
Compiling module xil_defaultlib.two_ff_sync
Compiling module xil_defaultlib.fifo_mem
Compiling module xil_defaultlib.async_fifo
Compiling module xil_defaultlib.tb_async_fifo
Compiling module xil_defaultlib.glbl
Built simulation snapshot tb_async_fifo_behav
